WARNING: A restricted method in java.lang.System has been called
WARNING: java.lang.System::load has been called by net.rubygrapefruit.platform.internal.NativeLibraryLoader in an unnamed module (file:/Users/hanc/.gradle/wrapper/dists/gradle-9.4.0-bin/lcvyxq3t37f6mx9miaydrrgs/gradle-9.4.0/lib/native-platform-0.22-milestone-29.jar)
WARNING: Use --enable-native-access=ALL-UNNAMED to avoid a warning for callers in this module
WARNING: Restricted methods will be blocked in a future release unless native access is enabled

Starting a Gradle Daemon, 7 stopped Daemons could not be reused, use --status for details
Reusing configuration cache.
> Task :processResources NO-SOURCE
> Task :processTestResources NO-SOURCE
> Task :compileJava UP-TO-DATE
> Task :classes UP-TO-DATE
> Task :compileTestJava UP-TO-DATE
> Task :testClasses UP-TO-DATE
> Task :test UP-TO-DATE

BUILD SUCCESSFUL in 3s
3 actionable tasks: 3 up-to-date
Configuration cache entry reused.
